// Jest Snapshot v1, https://goo.gl/fbAQLP

exports[`Pruebas en <CounterApp /> debe de hacer match con el snapshot 1`] = `
<div>
  <div>
    <h1
      class="text-3xl font-bold"
      data-testid="test-title"
    >
      Rey Perseo
    </h1>
    <p />
    <h2
      class="text-2xl font-bold p-2 m-1 bg-indigo-300 "
    >
       
       
    </h2>
    <button
      class="p-1 m-1 bg-amber-200 rounded hover:cursor-pointer"
    >
      +1
    </button>
    <button
      class="p-1 m-1 bg-amber-200 rounded hover:cursor-pointer"
    >
      Reset
    </button>
    <button
      class="p-1 m-1 bg-amber-200 rounded hover:cursor-pointer"
    >
      -1
    </button>
  </div>
</div>
`;
