// Jest Snapshot v1, https://goo.gl/fbAQLP

exports[`Pruebas en el componente ImageItem debe de hacer match con el snatshop 1`] = `
<div>
  <div
    class=" text-white rounded-2xl shadow-md overflow-hidden transition-transform transform hover:scale-105"
  >
    <img
      alt="rose"
      class="w-full h-48 object-cover"
      src="https://example.com/image.jpg"
    />
    <div
      class="p-3 text-center"
    >
      <p
        class="text-sm text-white"
      >
        rose
      </p>
    </div>
  </div>
</div>
`;
